2025-10-26 00:48:22 | ERROR    | wolfram_pyqt | Ошибка в solve_equation: Sympify of expression 'could not parse 'solv x**2'' failed, because of exception being raised:
SyntaxError: invalid syntax (<string>, line 1)
ValueError: Error from parse_expr with transformed code: "Symbol ('solv' )Symbol ('x' )**Integer (2 )"

The above exception was the direct cause of the following exception:

Traceback (most recent call last):
  File "F:\Pycharm\wolframalpha\.venv1\Lib\site-packages\sympy\core\sympify.py", line 507, in sympify
    expr = parse_expr(a, local_dict=locals, transformations=transformations, evaluate=evaluate)
  File "F:\Pycharm\wolframalpha\.venv1\Lib\site-packages\sympy\parsing\sympy_parser.py", line 1090, in parse_expr
    raise e from ValueError(f"Error from parse_expr with transformed code: {code!r}")
  File "F:\Pycharm\wolframalpha\.venv1\Lib\site-packages\sympy\parsing\sympy_parser.py", line 1081, in parse_expr
    rv = eval_expr(code, local_dict, global_dict)
  File "F:\Pycharm\wolframalpha\.venv1\Lib\site-packages\sympy\parsing\sympy_parser.py", line 905, in eval_expr
    expr = eval(
        code, global_dict, local_dict)  # take local objects in preference
  File "<string>", line 1
    Symbol ('solv' )Symbol ('x' )**Integer (2 )
                    ^^^^^^
SyntaxError: invalid syntax

During handling of the above exception, another exception occurred:

Traceback (most recent call last):
  File "f:\Pycharm\wolframalpha\logs\logger.py", line 59, in wrapper
    result = func(*args, **kwargs)
  File "f:\Pycharm\wolframalpha\core\sympy_solver.py", line 25, in solve_equation
    lhs = sympy.sympify(left_side)
  File "F:\Pycharm\wolframalpha\.venv1\Lib\site-packages\sympy\core\sympify.py", line 509, in sympify
    raise SympifyError('could not parse %r' % a, exc)
sympy.core.sympify.SympifyError: Sympify of expression 'could not parse 'solv x**2'' failed, because of exception being raised:
SyntaxError: invalid syntax (<string>, line 1)
2025-10-26 00:50:46 | ERROR    | wolfram_pyqt | Ошибка в solve_equation: Sympify of expression 'could not parse 'solv x**2'' failed, because of exception being raised:
SyntaxError: invalid syntax (<string>, line 1)
ValueError: Error from parse_expr with transformed code: "Symbol ('solv' )Symbol ('x' )**Integer (2 )"

The above exception was the direct cause of the following exception:

Traceback (most recent call last):
  File "F:\Pycharm\wolframalpha\.venv1\Lib\site-packages\sympy\core\sympify.py", line 507, in sympify
    expr = parse_expr(a, local_dict=locals, transformations=transformations, evaluate=evaluate)
  File "F:\Pycharm\wolframalpha\.venv1\Lib\site-packages\sympy\parsing\sympy_parser.py", line 1090, in parse_expr
    raise e from ValueError(f"Error from parse_expr with transformed code: {code!r}")
  File "F:\Pycharm\wolframalpha\.venv1\Lib\site-packages\sympy\parsing\sympy_parser.py", line 1081, in parse_expr
    rv = eval_expr(code, local_dict, global_dict)
  File "F:\Pycharm\wolframalpha\.venv1\Lib\site-packages\sympy\parsing\sympy_parser.py", line 905, in eval_expr
    expr = eval(
        code, global_dict, local_dict)  # take local objects in preference
  File "<string>", line 1
    Symbol ('solv' )Symbol ('x' )**Integer (2 )
                    ^^^^^^
SyntaxError: invalid syntax

During handling of the above exception, another exception occurred:

Traceback (most recent call last):
  File "f:\Pycharm\wolframalpha\logs\logger.py", line 59, in wrapper
    result = func(*args, **kwargs)
  File "f:\Pycharm\wolframalpha\core\sympy_solver.py", line 25, in solve_equation
    lhs = sympy.sympify(left_side)
  File "F:\Pycharm\wolframalpha\.venv1\Lib\site-packages\sympy\core\sympify.py", line 509, in sympify
    raise SympifyError('could not parse %r' % a, exc)
sympy.core.sympify.SympifyError: Sympify of expression 'could not parse 'solv x**2'' failed, because of exception being raised:
SyntaxError: invalid syntax (<string>, line 1)
2025-10-26 00:51:32 | ERROR    | wolfram_pyqt | Ошибка в solve_equation: Sympify of expression 'could not parse 'solv x**2'' failed, because of exception being raised:
SyntaxError: invalid syntax (<string>, line 1)
ValueError: Error from parse_expr with transformed code: "Symbol ('solv' )Symbol ('x' )**Integer (2 )"

The above exception was the direct cause of the following exception:

Traceback (most recent call last):
  File "F:\Pycharm\wolframalpha\.venv1\Lib\site-packages\sympy\core\sympify.py", line 507, in sympify
    expr = parse_expr(a, local_dict=locals, transformations=transformations, evaluate=evaluate)
  File "F:\Pycharm\wolframalpha\.venv1\Lib\site-packages\sympy\parsing\sympy_parser.py", line 1090, in parse_expr
    raise e from ValueError(f"Error from parse_expr with transformed code: {code!r}")
  File "F:\Pycharm\wolframalpha\.venv1\Lib\site-packages\sympy\parsing\sympy_parser.py", line 1081, in parse_expr
    rv = eval_expr(code, local_dict, global_dict)
  File "F:\Pycharm\wolframalpha\.venv1\Lib\site-packages\sympy\parsing\sympy_parser.py", line 905, in eval_expr
    expr = eval(
        code, global_dict, local_dict)  # take local objects in preference
  File "<string>", line 1
    Symbol ('solv' )Symbol ('x' )**Integer (2 )
                    ^^^^^^
SyntaxError: invalid syntax

During handling of the above exception, another exception occurred:

Traceback (most recent call last):
  File "f:\Pycharm\wolframalpha\logs\logger.py", line 59, in wrapper
    result = func(*args, **kwargs)
  File "f:\Pycharm\wolframalpha\core\sympy_solver.py", line 25, in solve_equation
    lhs = sympy.sympify(left_side)
  File "F:\Pycharm\wolframalpha\.venv1\Lib\site-packages\sympy\core\sympify.py", line 509, in sympify
    raise SympifyError('could not parse %r' % a, exc)
sympy.core.sympify.SympifyError: Sympify of expression 'could not parse 'solv x**2'' failed, because of exception being raised:
SyntaxError: invalid syntax (<string>, line 1)
2025-10-26 00:52:21 | ERROR    | wolfram_pyqt | Ошибка в solve_equation: Sympify of expression 'could not parse 'solv x**2'' failed, because of exception being raised:
SyntaxError: invalid syntax (<string>, line 1)
ValueError: Error from parse_expr with transformed code: "Symbol ('solv' )Symbol ('x' )**Integer (2 )"

The above exception was the direct cause of the following exception:

Traceback (most recent call last):
  File "F:\Pycharm\wolframalpha\.venv1\Lib\site-packages\sympy\core\sympify.py", line 507, in sympify
    expr = parse_expr(a, local_dict=locals, transformations=transformations, evaluate=evaluate)
  File "F:\Pycharm\wolframalpha\.venv1\Lib\site-packages\sympy\parsing\sympy_parser.py", line 1090, in parse_expr
    raise e from ValueError(f"Error from parse_expr with transformed code: {code!r}")
  File "F:\Pycharm\wolframalpha\.venv1\Lib\site-packages\sympy\parsing\sympy_parser.py", line 1081, in parse_expr
    rv = eval_expr(code, local_dict, global_dict)
  File "F:\Pycharm\wolframalpha\.venv1\Lib\site-packages\sympy\parsing\sympy_parser.py", line 905, in eval_expr
    expr = eval(
        code, global_dict, local_dict)  # take local objects in preference
  File "<string>", line 1
    Symbol ('solv' )Symbol ('x' )**Integer (2 )
                    ^^^^^^
SyntaxError: invalid syntax

During handling of the above exception, another exception occurred:

Traceback (most recent call last):
  File "f:\Pycharm\wolframalpha\logs\logger.py", line 59, in wrapper
    result = func(*args, **kwargs)
  File "f:\Pycharm\wolframalpha\core\sympy_solver.py", line 25, in solve_equation
    lhs = sympy.sympify(left_side)
  File "F:\Pycharm\wolframalpha\.venv1\Lib\site-packages\sympy\core\sympify.py", line 509, in sympify
    raise SympifyError('could not parse %r' % a, exc)
sympy.core.sympify.SympifyError: Sympify of expression 'could not parse 'solv x**2'' failed, because of exception being raised:
SyntaxError: invalid syntax (<string>, line 1)
2025-10-26 00:52:21 | ERROR    | wolfram_pyqt | Ошибка в get_text: Sympify of expression 'could not parse 'solv x**2'' failed, because of exception being raised:
SyntaxError: invalid syntax (<string>, line 1)
ValueError: Error from parse_expr with transformed code: "Symbol ('solv' )Symbol ('x' )**Integer (2 )"

The above exception was the direct cause of the following exception:

Traceback (most recent call last):
  File "F:\Pycharm\wolframalpha\.venv1\Lib\site-packages\sympy\core\sympify.py", line 507, in sympify
    expr = parse_expr(a, local_dict=locals, transformations=transformations, evaluate=evaluate)
  File "F:\Pycharm\wolframalpha\.venv1\Lib\site-packages\sympy\parsing\sympy_parser.py", line 1090, in parse_expr
    raise e from ValueError(f"Error from parse_expr with transformed code: {code!r}")
  File "F:\Pycharm\wolframalpha\.venv1\Lib\site-packages\sympy\parsing\sympy_parser.py", line 1081, in parse_expr
    rv = eval_expr(code, local_dict, global_dict)
  File "F:\Pycharm\wolframalpha\.venv1\Lib\site-packages\sympy\parsing\sympy_parser.py", line 905, in eval_expr
    expr = eval(
        code, global_dict, local_dict)  # take local objects in preference
  File "<string>", line 1
    Symbol ('solv' )Symbol ('x' )**Integer (2 )
                    ^^^^^^
SyntaxError: invalid syntax

During handling of the above exception, another exception occurred:

Traceback (most recent call last):
  File "f:\Pycharm\wolframalpha\logs\logger.py", line 59, in wrapper
    result = func(*args, **kwargs)
  File "f:\Pycharm\wolframalpha\core\parser.py", line 24, in get_text
    solutions = solve_equation(expression)
  File "f:\Pycharm\wolframalpha\logs\logger.py", line 59, in wrapper
    result = func(*args, **kwargs)
  File "f:\Pycharm\wolframalpha\core\sympy_solver.py", line 25, in solve_equation
    lhs = sympy.sympify(left_side)
  File "F:\Pycharm\wolframalpha\.venv1\Lib\site-packages\sympy\core\sympify.py", line 509, in sympify
    raise SympifyError('could not parse %r' % a, exc)
sympy.core.sympify.SympifyError: Sympify of expression 'could not parse 'solv x**2'' failed, because of exception being raised:
SyntaxError: invalid syntax (<string>, line 1)
2025-10-26 00:54:24 | ERROR    | wolfram_pyqt | Ошибка в solve_equation: Sympify of expression 'could not parse 'solv x**2'' failed, because of exception being raised:
SyntaxError: invalid syntax (<string>, line 1)
ValueError: Error from parse_expr with transformed code: "Symbol ('solv' )Symbol ('x' )**Integer (2 )"

The above exception was the direct cause of the following exception:

Traceback (most recent call last):
  File "F:\Pycharm\wolframalpha\.venv1\Lib\site-packages\sympy\core\sympify.py", line 507, in sympify
    expr = parse_expr(a, local_dict=locals, transformations=transformations, evaluate=evaluate)
  File "F:\Pycharm\wolframalpha\.venv1\Lib\site-packages\sympy\parsing\sympy_parser.py", line 1090, in parse_expr
    raise e from ValueError(f"Error from parse_expr with transformed code: {code!r}")
  File "F:\Pycharm\wolframalpha\.venv1\Lib\site-packages\sympy\parsing\sympy_parser.py", line 1081, in parse_expr
    rv = eval_expr(code, local_dict, global_dict)
  File "F:\Pycharm\wolframalpha\.venv1\Lib\site-packages\sympy\parsing\sympy_parser.py", line 905, in eval_expr
    expr = eval(
        code, global_dict, local_dict)  # take local objects in preference
  File "<string>", line 1
    Symbol ('solv' )Symbol ('x' )**Integer (2 )
                    ^^^^^^
SyntaxError: invalid syntax

During handling of the above exception, another exception occurred:

Traceback (most recent call last):
  File "f:\Pycharm\wolframalpha\logs\logger.py", line 59, in wrapper
    result = func(*args, **kwargs)
  File "f:\Pycharm\wolframalpha\core\sympy_solver.py", line 25, in solve_equation
    lhs = sympy.sympify(left_side)
  File "F:\Pycharm\wolframalpha\.venv1\Lib\site-packages\sympy\core\sympify.py", line 509, in sympify
    raise SympifyError('could not parse %r' % a, exc)
sympy.core.sympify.SympifyError: Sympify of expression 'could not parse 'solv x**2'' failed, because of exception being raised:
SyntaxError: invalid syntax (<string>, line 1)
2025-10-26 00:54:24 | ERROR    | wolfram_pyqt | Ошибка в get_text: Sympify of expression 'could not parse 'solv x**2'' failed, because of exception being raised:
SyntaxError: invalid syntax (<string>, line 1)
ValueError: Error from parse_expr with transformed code: "Symbol ('solv' )Symbol ('x' )**Integer (2 )"

The above exception was the direct cause of the following exception:

Traceback (most recent call last):
  File "F:\Pycharm\wolframalpha\.venv1\Lib\site-packages\sympy\core\sympify.py", line 507, in sympify
    expr = parse_expr(a, local_dict=locals, transformations=transformations, evaluate=evaluate)
  File "F:\Pycharm\wolframalpha\.venv1\Lib\site-packages\sympy\parsing\sympy_parser.py", line 1090, in parse_expr
    raise e from ValueError(f"Error from parse_expr with transformed code: {code!r}")
  File "F:\Pycharm\wolframalpha\.venv1\Lib\site-packages\sympy\parsing\sympy_parser.py", line 1081, in parse_expr
    rv = eval_expr(code, local_dict, global_dict)
  File "F:\Pycharm\wolframalpha\.venv1\Lib\site-packages\sympy\parsing\sympy_parser.py", line 905, in eval_expr
    expr = eval(
        code, global_dict, local_dict)  # take local objects in preference
  File "<string>", line 1
    Symbol ('solv' )Symbol ('x' )**Integer (2 )
                    ^^^^^^
SyntaxError: invalid syntax

During handling of the above exception, another exception occurred:

Traceback (most recent call last):
  File "f:\Pycharm\wolframalpha\logs\logger.py", line 59, in wrapper
    result = func(*args, **kwargs)
  File "f:\Pycharm\wolframalpha\core\parser.py", line 29, in get_text
    solutions = solve_equation(expression)
  File "f:\Pycharm\wolframalpha\logs\logger.py", line 59, in wrapper
    result = func(*args, **kwargs)
  File "f:\Pycharm\wolframalpha\core\sympy_solver.py", line 25, in solve_equation
    lhs = sympy.sympify(left_side)
  File "F:\Pycharm\wolframalpha\.venv1\Lib\site-packages\sympy\core\sympify.py", line 509, in sympify
    raise SympifyError('could not parse %r' % a, exc)
sympy.core.sympify.SympifyError: Sympify of expression 'could not parse 'solv x**2'' failed, because of exception being raised:
SyntaxError: invalid syntax (<string>, line 1)
2025-10-26 00:58:25 | ERROR    | wolfram_pyqt | Ошибка в solve_equation: Sympify of expression 'could not parse 'solv x**2'' failed, because of exception being raised:
SyntaxError: invalid syntax (<string>, line 1)
ValueError: Error from parse_expr with transformed code: "Symbol ('solv' )Symbol ('x' )**Integer (2 )"

The above exception was the direct cause of the following exception:

Traceback (most recent call last):
  File "F:\Pycharm\wolframalpha\.venv1\Lib\site-packages\sympy\core\sympify.py", line 507, in sympify
    expr = parse_expr(a, local_dict=locals, transformations=transformations, evaluate=evaluate)
  File "F:\Pycharm\wolframalpha\.venv1\Lib\site-packages\sympy\parsing\sympy_parser.py", line 1090, in parse_expr
    raise e from ValueError(f"Error from parse_expr with transformed code: {code!r}")
  File "F:\Pycharm\wolframalpha\.venv1\Lib\site-packages\sympy\parsing\sympy_parser.py", line 1081, in parse_expr
    rv = eval_expr(code, local_dict, global_dict)
  File "F:\Pycharm\wolframalpha\.venv1\Lib\site-packages\sympy\parsing\sympy_parser.py", line 905, in eval_expr
    expr = eval(
        code, global_dict, local_dict)  # take local objects in preference
  File "<string>", line 1
    Symbol ('solv' )Symbol ('x' )**Integer (2 )
                    ^^^^^^
SyntaxError: invalid syntax

During handling of the above exception, another exception occurred:

Traceback (most recent call last):
  File "f:\Pycharm\wolframalpha\logs\logger.py", line 59, in wrapper
    result = func(*args, **kwargs)
  File "f:\Pycharm\wolframalpha\core\sympy_solver.py", line 24, in solve_equation
    lhs = sympy.sympify(left_side)
  File "F:\Pycharm\wolframalpha\.venv1\Lib\site-packages\sympy\core\sympify.py", line 509, in sympify
    raise SympifyError('could not parse %r' % a, exc)
sympy.core.sympify.SympifyError: Sympify of expression 'could not parse 'solv x**2'' failed, because of exception being raised:
SyntaxError: invalid syntax (<string>, line 1)
2025-10-26 00:58:25 | ERROR    | wolfram_pyqt | Ошибка в get_text: Sympify of expression 'could not parse 'solv x**2'' failed, because of exception being raised:
SyntaxError: invalid syntax (<string>, line 1)
ValueError: Error from parse_expr with transformed code: "Symbol ('solv' )Symbol ('x' )**Integer (2 )"

The above exception was the direct cause of the following exception:

Traceback (most recent call last):
  File "F:\Pycharm\wolframalpha\.venv1\Lib\site-packages\sympy\core\sympify.py", line 507, in sympify
    expr = parse_expr(a, local_dict=locals, transformations=transformations, evaluate=evaluate)
  File "F:\Pycharm\wolframalpha\.venv1\Lib\site-packages\sympy\parsing\sympy_parser.py", line 1090, in parse_expr
    raise e from ValueError(f"Error from parse_expr with transformed code: {code!r}")
  File "F:\Pycharm\wolframalpha\.venv1\Lib\site-packages\sympy\parsing\sympy_parser.py", line 1081, in parse_expr
    rv = eval_expr(code, local_dict, global_dict)
  File "F:\Pycharm\wolframalpha\.venv1\Lib\site-packages\sympy\parsing\sympy_parser.py", line 905, in eval_expr
    expr = eval(
        code, global_dict, local_dict)  # take local objects in preference
  File "<string>", line 1
    Symbol ('solv' )Symbol ('x' )**Integer (2 )
                    ^^^^^^
SyntaxError: invalid syntax

During handling of the above exception, another exception occurred:

Traceback (most recent call last):
  File "f:\Pycharm\wolframalpha\logs\logger.py", line 59, in wrapper
    result = func(*args, **kwargs)
  File "f:\Pycharm\wolframalpha\core\parser.py", line 28, in get_text
    solutions = solve_equation(expression)
  File "f:\Pycharm\wolframalpha\logs\logger.py", line 59, in wrapper
    result = func(*args, **kwargs)
  File "f:\Pycharm\wolframalpha\core\sympy_solver.py", line 24, in solve_equation
    lhs = sympy.sympify(left_side)
  File "F:\Pycharm\wolframalpha\.venv1\Lib\site-packages\sympy\core\sympify.py", line 509, in sympify
    raise SympifyError('could not parse %r' % a, exc)
sympy.core.sympify.SympifyError: Sympify of expression 'could not parse 'solv x**2'' failed, because of exception being raised:
SyntaxError: invalid syntax (<string>, line 1)
2025-10-26 01:05:51 | ERROR    | wolfram_pyqt | Ошибка в get_text: 'module' object is not callable
Traceback (most recent call last):
  File "f:\Pycharm\wolframalpha\logs\logger.py", line 59, in wrapper
    result = func(*args, **kwargs)
  File "f:\Pycharm\wolframalpha\core\parser.py", line 33, in get_text
    suggestion = suggest_correction(user_input.split(' ', 1)[0], actions)
TypeError: 'module' object is not callable
2025-10-26 01:31:28 | ERROR    | wolfram_pyqt | Ошибка в replace_math_functions: argument of type 'NoneType' is not a container or iterable
Traceback (most recent call last):
  File "f:\Pycharm\wolframalpha\logs\logger.py", line 59, in wrapper
    result = func(*args, **kwargs)
  File "f:\Pycharm\wolframalpha\core\parser.py", line 49, in replace_math_functions
    if func in expression:
       ^^^^^^^^^^^^^^^^^^
TypeError: argument of type 'NoneType' is not a container or iterable
2025-10-26 01:31:28 | ERROR    | wolfram_pyqt | Ошибка в parse_user_input: argument of type 'NoneType' is not a container or iterable
Traceback (most recent call last):
  File "f:\Pycharm\wolframalpha\logs\logger.py", line 59, in wrapper
    result = func(*args, **kwargs)
  File "f:\Pycharm\wolframalpha\core\parser.py", line 55, in parse_user_input
    expression = replace_math_functions(expression)
  File "f:\Pycharm\wolframalpha\logs\logger.py", line 59, in wrapper
    result = func(*args, **kwargs)
  File "f:\Pycharm\wolframalpha\core\parser.py", line 49, in replace_math_functions
    if func in expression:
       ^^^^^^^^^^^^^^^^^^
TypeError: argument of type 'NoneType' is not a container or iterable
2025-10-26 01:39:42 | ERROR    | wolfram_pyqt | Ошибка в solve_equation: 'Symbol' object has no attribute 'sqrt'
ValueError: Error from parse_expr with transformed code: "Symbol ('sympy' ).sqrt (Integer (9 ))"

The above exception was the direct cause of the following exception:

Traceback (most recent call last):
  File "f:\Pycharm\wolframalpha\logs\logger.py", line 59, in wrapper
    result = func(*args, **kwargs)
  File "f:\Pycharm\wolframalpha\core\sympy_solver.py", line 24, in solve_equation
    lhs = sympy.sympify(left_side)
  File "F:\Pycharm\wolframalpha\.venv1\Lib\site-packages\sympy\core\sympify.py", line 507, in sympify
    expr = parse_expr(a, local_dict=locals, transformations=transformations, evaluate=evaluate)
  File "F:\Pycharm\wolframalpha\.venv1\Lib\site-packages\sympy\parsing\sympy_parser.py", line 1090, in parse_expr
    raise e from ValueError(f"Error from parse_expr with transformed code: {code!r}")
  File "F:\Pycharm\wolframalpha\.venv1\Lib\site-packages\sympy\parsing\sympy_parser.py", line 1081, in parse_expr
    rv = eval_expr(code, local_dict, global_dict)
  File "F:\Pycharm\wolframalpha\.venv1\Lib\site-packages\sympy\parsing\sympy_parser.py", line 905, in eval_expr
    expr = eval(
        code, global_dict, local_dict)  # take local objects in preference
  File "<string>", line 1, in <module>
AttributeError: 'Symbol' object has no attribute 'sqrt'
2025-10-26 01:40:36 | ERROR    | wolfram_pyqt | Ошибка в solve_equation: 'Symbol' object has no attribute 'sqrt'
ValueError: Error from parse_expr with transformed code: "Symbol ('sympy' ).sqrt (Integer (9 ))"

The above exception was the direct cause of the following exception:

Traceback (most recent call last):
  File "f:\Pycharm\wolframalpha\logs\logger.py", line 59, in wrapper
    result = func(*args, **kwargs)
  File "f:\Pycharm\wolframalpha\core\sympy_solver.py", line 24, in solve_equation
    lhs = sympy.sympify(left_side)
  File "F:\Pycharm\wolframalpha\.venv1\Lib\site-packages\sympy\core\sympify.py", line 507, in sympify
    expr = parse_expr(a, local_dict=locals, transformations=transformations, evaluate=evaluate)
  File "F:\Pycharm\wolframalpha\.venv1\Lib\site-packages\sympy\parsing\sympy_parser.py", line 1090, in parse_expr
    raise e from ValueError(f"Error from parse_expr with transformed code: {code!r}")
  File "F:\Pycharm\wolframalpha\.venv1\Lib\site-packages\sympy\parsing\sympy_parser.py", line 1081, in parse_expr
    rv = eval_expr(code, local_dict, global_dict)
  File "F:\Pycharm\wolframalpha\.venv1\Lib\site-packages\sympy\parsing\sympy_parser.py", line 905, in eval_expr
    expr = eval(
        code, global_dict, local_dict)  # take local objects in preference
  File "<string>", line 1, in <module>
AttributeError: 'Symbol' object has no attribute 'sqrt'
2025-10-26 02:07:07 | ERROR    | wolfram_pyqt | Ошибка в solve_equation: 'Symbol' object has no attribute 'sqrt'
ValueError: Error from parse_expr with transformed code: "Symbol ('Хsympy' ).sqrt (Integer (9 ))"

The above exception was the direct cause of the following exception:

Traceback (most recent call last):
  File "F:\Pycharm\wolframalpha\logs\logger.py", line 59, in wrapper
    result = func(*args, **kwargs)
  File "F:\Pycharm\wolframalpha\core\sympy_solver.py", line 24, in solve_equation
    lhs = sympy.sympify(left_side)
  File "F:\Pycharm\wolframalpha\.venv1\Lib\site-packages\sympy\core\sympify.py", line 507, in sympify
    expr = parse_expr(a, local_dict=locals, transformations=transformations, evaluate=evaluate)
  File "F:\Pycharm\wolframalpha\.venv1\Lib\site-packages\sympy\parsing\sympy_parser.py", line 1090, in parse_expr
    raise e from ValueError(f"Error from parse_expr with transformed code: {code!r}")
  File "F:\Pycharm\wolframalpha\.venv1\Lib\site-packages\sympy\parsing\sympy_parser.py", line 1081, in parse_expr
    rv = eval_expr(code, local_dict, global_dict)
  File "F:\Pycharm\wolframalpha\.venv1\Lib\site-packages\sympy\parsing\sympy_parser.py", line 905, in eval_expr
    expr = eval(
        code, global_dict, local_dict)  # take local objects in preference
  File "<string>", line 1, in <module>
AttributeError: 'Symbol' object has no attribute 'sqrt'
2025-10-26 16:41:08 | ERROR    | wolfram_pyqt | Ошибка в solve_equation: 'Symbol' object has no attribute 'sqrt'
ValueError: Error from parse_expr with transformed code: "Symbol ('Хsympy' ).sqrt (Integer (25 ))"

The above exception was the direct cause of the following exception:

Traceback (most recent call last):
  File "f:\Pycharm\wolframalpha\logs\logger.py", line 59, in wrapper
    result = func(*args, **kwargs)
  File "f:\Pycharm\wolframalpha\core\sympy_solver.py", line 24, in solve_equation
    rhs = sympy.sympify(right_side)
  File "F:\Pycharm\wolframalpha\.venv1\Lib\site-packages\sympy\core\sympify.py", line 507, in sympify
    expr = parse_expr(a, local_dict=locals, transformations=transformations, evaluate=evaluate)
  File "F:\Pycharm\wolframalpha\.venv1\Lib\site-packages\sympy\parsing\sympy_parser.py", line 1090, in parse_expr
    raise e from ValueError(f"Error from parse_expr with transformed code: {code!r}")
  File "F:\Pycharm\wolframalpha\.venv1\Lib\site-packages\sympy\parsing\sympy_parser.py", line 1081, in parse_expr
    rv = eval_expr(code, local_dict, global_dict)
  File "F:\Pycharm\wolframalpha\.venv1\Lib\site-packages\sympy\parsing\sympy_parser.py", line 905, in eval_expr
    expr = eval(
        code, global_dict, local_dict)  # take local objects in preference
  File "<string>", line 1, in <module>
AttributeError: 'Symbol' object has no attribute 'sqrt'
2025-10-26 16:42:06 | ERROR    | wolfram_pyqt | Ошибка в solve_equation: 'Symbol' object has no attribute 'sqrt'
ValueError: Error from parse_expr with transformed code: "Symbol ('sympy' ).sqrt (Integer (5 ))"

The above exception was the direct cause of the following exception:

Traceback (most recent call last):
  File "f:\Pycharm\wolframalpha\logs\logger.py", line 59, in wrapper
    result = func(*args, **kwargs)
  File "f:\Pycharm\wolframalpha\core\sympy_solver.py", line 24, in solve_equation
    rhs = sympy.sympify(right_side)
  File "F:\Pycharm\wolframalpha\.venv1\Lib\site-packages\sympy\core\sympify.py", line 507, in sympify
    expr = parse_expr(a, local_dict=locals, transformations=transformations, evaluate=evaluate)
  File "F:\Pycharm\wolframalpha\.venv1\Lib\site-packages\sympy\parsing\sympy_parser.py", line 1090, in parse_expr
    raise e from ValueError(f"Error from parse_expr with transformed code: {code!r}")
  File "F:\Pycharm\wolframalpha\.venv1\Lib\site-packages\sympy\parsing\sympy_parser.py", line 1081, in parse_expr
    rv = eval_expr(code, local_dict, global_dict)
  File "F:\Pycharm\wolframalpha\.venv1\Lib\site-packages\sympy\parsing\sympy_parser.py", line 905, in eval_expr
    expr = eval(
        code, global_dict, local_dict)  # take local objects in preference
  File "<string>", line 1, in <module>
AttributeError: 'Symbol' object has no attribute 'sqrt'
2025-10-26 16:52:05 | ERROR    | wolfram_pyqt | Ошибка в solve_equation: object is not iterable
Traceback (most recent call last):
  File "F:\Pycharm\wolframalpha\logs\logger.py", line 59, in wrapper
    result = func(*args, **kwargs)
  File "F:\Pycharm\wolframalpha\core\sympy_solver.py", line 27, in solve_equation
    var = sympy.symbols(variable)
  File "F:\Pycharm\wolframalpha\.venv1\Lib\site-packages\sympy\core\symbol.py", line 864, in symbols
    return type(names)(result)
           ~~~~~~~~~~~^^^^^^^^
TypeError: object is not iterable
Cannot convert dictionary update sequence element #0 to a sequence
2025-10-26 16:55:08 | ERROR    | wolfram_pyqt | Ошибка в solve_equation: object is not iterable
Traceback (most recent call last):
  File "F:\Pycharm\wolframalpha\logs\logger.py", line 59, in wrapper
    result = func(*args, **kwargs)
  File "F:\Pycharm\wolframalpha\core\sympy_solver.py", line 33, in solve_equation
    var = sympy.symbols(variable)
  File "F:\Pycharm\wolframalpha\.venv1\Lib\site-packages\sympy\core\symbol.py", line 864, in symbols
    return type(names)(result)
           ~~~~~~~~~~~^^^^^^^^
TypeError: object is not iterable
Cannot convert dictionary update sequence element #0 to a sequence
2025-10-26 17:28:19 | ERROR    | wolfram_pyqt | Ошибка в derivative: derivative() got an unexpected keyword argument 'local_dict'
Traceback (most recent call last):
  File "F:\Pycharm\wolframalpha\logs\logger.py", line 59, in wrapper
    result = func(*args, **kwargs)
TypeError: derivative() got an unexpected keyword argument 'local_dict'
2025-10-26 17:29:59 | ERROR    | wolfram_pyqt | Ошибка в derivative: Sympify of expression 'could not parse '4ч:2'' failed, because of exception being raised:
SyntaxError: invalid syntax (<string>, line 1)
ValueError: Error from parse_expr with transformed code: "Integer (4 )Symbol ('ч' ):Integer (2 )"

The above exception was the direct cause of the following exception:

Traceback (most recent call last):
  File "F:\Pycharm\wolframalpha\.venv1\Lib\site-packages\sympy\core\sympify.py", line 507, in sympify
    expr = parse_expr(a, local_dict=locals, transformations=transformations, evaluate=evaluate)
  File "F:\Pycharm\wolframalpha\.venv1\Lib\site-packages\sympy\parsing\sympy_parser.py", line 1090, in parse_expr
    raise e from ValueError(f"Error from parse_expr with transformed code: {code!r}")
  File "F:\Pycharm\wolframalpha\.venv1\Lib\site-packages\sympy\parsing\sympy_parser.py", line 1081, in parse_expr
    rv = eval_expr(code, local_dict, global_dict)
  File "F:\Pycharm\wolframalpha\.venv1\Lib\site-packages\sympy\parsing\sympy_parser.py", line 905, in eval_expr
    expr = eval(
        code, global_dict, local_dict)  # take local objects in preference
  File "<string>", line 1
    Integer (4 )Symbol ('ч' ):Integer (2 )
                ^^^^^^
SyntaxError: invalid syntax

During handling of the above exception, another exception occurred:

Traceback (most recent call last):
  File "F:\Pycharm\wolframalpha\logs\logger.py", line 59, in wrapper
    result = func(*args, **kwargs)
  File "F:\Pycharm\wolframalpha\core\sympy_solver.py", line 56, in derivative
    expr = sympy.sympify(expression, locals=local_dict)
  File "F:\Pycharm\wolframalpha\.venv1\Lib\site-packages\sympy\core\sympify.py", line 509, in sympify
    raise SympifyError('could not parse %r' % a, exc)
sympy.core.sympify.SympifyError: Sympify of expression 'could not parse '4ч:2'' failed, because of exception being raised:
SyntaxError: invalid syntax (<string>, line 1)
2025-10-26 17:30:27 | ERROR    | wolfram_pyqt | Ошибка в derivative: Sympify of expression 'could not parse '4*x**2 + 5*x + 3 = 0'' failed, because of exception being raised:
SyntaxError: invalid syntax (<string>, line 1)
ValueError: Error from parse_expr with transformed code: "Integer (4 )*Symbol ('x' )**Integer (2 )+Integer (5 )*Symbol ('x' )+Integer (3 )=Integer (0 )"

The above exception was the direct cause of the following exception:

Traceback (most recent call last):
  File "F:\Pycharm\wolframalpha\.venv1\Lib\site-packages\sympy\core\sympify.py", line 507, in sympify
    expr = parse_expr(a, local_dict=locals, transformations=transformations, evaluate=evaluate)
  File "F:\Pycharm\wolframalpha\.venv1\Lib\site-packages\sympy\parsing\sympy_parser.py", line 1090, in parse_expr
    raise e from ValueError(f"Error from parse_expr with transformed code: {code!r}")
  File "F:\Pycharm\wolframalpha\.venv1\Lib\site-packages\sympy\parsing\sympy_parser.py", line 1081, in parse_expr
    rv = eval_expr(code, local_dict, global_dict)
  File "F:\Pycharm\wolframalpha\.venv1\Lib\site-packages\sympy\parsing\sympy_parser.py", line 905, in eval_expr
    expr = eval(
        code, global_dict, local_dict)  # take local objects in preference
  File "<string>", line 1
    Integer (4 )*Symbol ('x' )**Integer (2 )+Integer (5 )*Symbol ('x' )+Integer (3 )=Integer (0 )
                                                                                    ^
SyntaxError: invalid syntax

During handling of the above exception, another exception occurred:

Traceback (most recent call last):
  File "F:\Pycharm\wolframalpha\logs\logger.py", line 59, in wrapper
    result = func(*args, **kwargs)
  File "F:\Pycharm\wolframalpha\core\sympy_solver.py", line 56, in derivative
    expr = sympy.sympify(expression, locals=local_dict)
  File "F:\Pycharm\wolframalpha\.venv1\Lib\site-packages\sympy\core\sympify.py", line 509, in sympify
    raise SympifyError('could not parse %r' % a, exc)
sympy.core.sympify.SympifyError: Sympify of expression 'could not parse '4*x**2 + 5*x + 3 = 0'' failed, because of exception being raised:
SyntaxError: invalid syntax (<string>, line 1)
2025-10-26 17:31:48 | ERROR    | wolfram_pyqt | Ошибка в solve_equation: 
No algorithms are implemented to solve equation loga(x) + 0
Traceback (most recent call last):
  File "F:\Pycharm\wolframalpha\logs\logger.py", line 59, in wrapper
    result = func(*args, **kwargs)
  File "F:\Pycharm\wolframalpha\core\sympy_solver.py", line 36, in solve_equation
    solutions = sympy.solve(sympy.Eq(lhs, rhs), var)
  File "F:\Pycharm\wolframalpha\.venv1\Lib\site-packages\sympy\solvers\solvers.py", line 1168, in solve
    solution = _solve(f[0], *symbols, **flags)
  File "F:\Pycharm\wolframalpha\.venv1\Lib\site-packages\sympy\solvers\solvers.py", line 1722, in _solve
    raise NotImplementedError('\n'.join([msg, not_impl_msg % f]))
NotImplementedError: 
No algorithms are implemented to solve equation loga(x) + 0
2025-10-26 17:43:22 | ERROR    | wolfram_pyqt | Ошибка в solve_equation: multiple generators [x, log(x + 4), log(x - 1), log(x**2 + 1)]
No algorithms are implemented to solve equation (-2*log(x - 1) + log(x + 4)/log(5) + 3*log(x**2 + 1)/log(2) + 1/(x - 2)) + 0
Traceback (most recent call last):
  File "F:\Pycharm\wolframalpha\logs\logger.py", line 59, in wrapper
    result = func(*args, **kwargs)
  File "F:\Pycharm\wolframalpha\core\sympy_solver.py", line 26, in solve_equation
    solutions = sympy.solve(sympy.Eq(lhs, rhs), var)
  File "F:\Pycharm\wolframalpha\.venv1\Lib\site-packages\sympy\solvers\solvers.py", line 1168, in solve
    solution = _solve(f[0], *symbols, **flags)
  File "F:\Pycharm\wolframalpha\.venv1\Lib\site-packages\sympy\solvers\solvers.py", line 1722, in _solve
    raise NotImplementedError('\n'.join([msg, not_impl_msg % f]))
NotImplementedError: multiple generators [x, log(x + 4), log(x - 1), log(x**2 + 1)]
No algorithms are implemented to solve equation (-2*log(x - 1) + log(x + 4)/log(5) + 3*log(x**2 + 1)/log(2) + 1/(x - 2)) + 0
2025-10-26 17:45:24 | ERROR    | wolfram_pyqt | Ошибка в solve_equation: Could not find root within given tolerance. (42.8007267428028707322 > 2.16840434497100886801e-19)
Try another starting point or tweak arguments.
Traceback (most recent call last):
  File "F:\Pycharm\wolframalpha\core\sympy_solver.py", line 35, in solve_equation
    solutions = solve(Eq(lhs, rhs), var)
  File "F:\Pycharm\wolframalpha\.venv1\Lib\site-packages\sympy\solvers\solvers.py", line 1168, in solve
    solution = _solve(f[0], *symbols, **flags)
  File "F:\Pycharm\wolframalpha\.venv1\Lib\site-packages\sympy\solvers\solvers.py", line 1722, in _solve
    raise NotImplementedError('\n'.join([msg, not_impl_msg % f]))
NotImplementedError: multiple generators [x, log(x + 4), log(x - 1), log(x**2 + 1)]
No algorithms are implemented to solve equation (-2*log(x - 1) + log(x + 4)/log(5) + 3*log(x**2 + 1)/log(2) + 1/(x - 2)) + 0

During handling of the above exception, another exception occurred:

Traceback (most recent call last):
  File "F:\Pycharm\wolframalpha\logs\logger.py", line 59, in wrapper
    result = func(*args, **kwargs)
  File "F:\Pycharm\wolframalpha\core\sympy_solver.py", line 40, in solve_equation
    solutions = [N(nsolve(expr, var, 1))]
                   ~~~~~~^^^^^^^^^^^^^^
  File "F:\Pycharm\wolframalpha\.venv1\Lib\site-packages\sympy\utilities\decorator.py", line 93, in func_wrapper
    return func(*args, **kwargs)
  File "F:\Pycharm\wolframalpha\.venv1\Lib\site-packages\sympy\solvers\solvers.py", line 3079, in nsolve
    x = sympify(findroot(f, x0, **kwargs))
                ~~~~~~~~^^^^^^^^^^^^^^^^^
  File "F:\Pycharm\wolframalpha\.venv1\Lib\site-packages\mpmath\calculus\optimization.py", line 985, in findroot
    raise ValueError('Could not find root within given tolerance. '
    ...<2 lines>...
                     % (norm(f(*xl))**2, tol))
ValueError: Could not find root within given tolerance. (42.8007267428028707322 > 2.16840434497100886801e-19)
Try another starting point or tweak arguments.
2025-11-02 20:33:07 | ERROR    | wolfram_pyqt | Ошибка в derivative: Некорректное выражение: от sin(x)
ValueError: Error from parse_expr with transformed code: "Symbol ('от' )sin (Symbol ('x' ))"

The above exception was the direct cause of the following exception:

Traceback (most recent call last):
  File "F:\Pycharm\wolframalpha\.venv1\Lib\site-packages\sympy\core\sympify.py", line 507, in sympify
    expr = parse_expr(a, local_dict=locals, transformations=transformations, evaluate=evaluate)
  File "F:\Pycharm\wolframalpha\.venv1\Lib\site-packages\sympy\parsing\sympy_parser.py", line 1090, in parse_expr
    raise e from ValueError(f"Error from parse_expr with transformed code: {code!r}")
  File "F:\Pycharm\wolframalpha\.venv1\Lib\site-packages\sympy\parsing\sympy_parser.py", line 1081, in parse_expr
    rv = eval_expr(code, local_dict, global_dict)
  File "F:\Pycharm\wolframalpha\.venv1\Lib\site-packages\sympy\parsing\sympy_parser.py", line 905, in eval_expr
    expr = eval(
        code, global_dict, local_dict)  # take local objects in preference
  File "<string>", line 1
    Symbol ('от' )sin (Symbol ('x' ))
                  ^^^
SyntaxError: invalid syntax. Did you mean 'in'?

During handling of the above exception, another exception occurred:

Traceback (most recent call last):
  File "F:\Pycharm\wolframalpha\core\sympy_solver.py", line 493, in derivative
    expr = sympify(expression, locals=local_dict)
  File "F:\Pycharm\wolframalpha\.venv1\Lib\site-packages\sympy\core\sympify.py", line 509, in sympify
    raise SympifyError('could not parse %r' % a, exc)
sympy.core.sympify.SympifyError: Sympify of expression 'could not parse 'от sin(x)'' failed, because of exception being raised:
SyntaxError: invalid syntax (<string>, line 1)

During handling of the above exception, another exception occurred:

Traceback (most recent call last):
  File "F:\Pycharm\wolframalpha\logs\logger.py", line 59, in wrapper
    result = func(*args, **kwargs)
  File "F:\Pycharm\wolframalpha\core\sympy_solver.py", line 495, in derivative
    raise ValueError(f"Некорректное выражение: {expression}")
ValueError: Некорректное выражение: от sin(x)
2025-11-02 20:33:37 | ERROR    | wolfram_pyqt | Ошибка в derivative: Некорректное выражение: от sin(x)
ValueError: Error from parse_expr with transformed code: "Symbol ('от' )sin (Symbol ('x' ))"

The above exception was the direct cause of the following exception:

Traceback (most recent call last):
  File "F:\Pycharm\wolframalpha\.venv1\Lib\site-packages\sympy\core\sympify.py", line 507, in sympify
    expr = parse_expr(a, local_dict=locals, transformations=transformations, evaluate=evaluate)
  File "F:\Pycharm\wolframalpha\.venv1\Lib\site-packages\sympy\parsing\sympy_parser.py", line 1090, in parse_expr
    raise e from ValueError(f"Error from parse_expr with transformed code: {code!r}")
  File "F:\Pycharm\wolframalpha\.venv1\Lib\site-packages\sympy\parsing\sympy_parser.py", line 1081, in parse_expr
    rv = eval_expr(code, local_dict, global_dict)
  File "F:\Pycharm\wolframalpha\.venv1\Lib\site-packages\sympy\parsing\sympy_parser.py", line 905, in eval_expr
    expr = eval(
        code, global_dict, local_dict)  # take local objects in preference
  File "<string>", line 1
    Symbol ('от' )sin (Symbol ('x' ))
                  ^^^
SyntaxError: invalid syntax. Did you mean 'in'?

During handling of the above exception, another exception occurred:

Traceback (most recent call last):
  File "F:\Pycharm\wolframalpha\core\sympy_solver.py", line 493, in derivative
    expr = sympify(expression, locals=local_dict)
  File "F:\Pycharm\wolframalpha\.venv1\Lib\site-packages\sympy\core\sympify.py", line 509, in sympify
    raise SympifyError('could not parse %r' % a, exc)
sympy.core.sympify.SympifyError: Sympify of expression 'could not parse 'от sin(x)'' failed, because of exception being raised:
SyntaxError: invalid syntax (<string>, line 1)

During handling of the above exception, another exception occurred:

Traceback (most recent call last):
  File "F:\Pycharm\wolframalpha\logs\logger.py", line 59, in wrapper
    result = func(*args, **kwargs)
  File "F:\Pycharm\wolframalpha\core\sympy_solver.py", line 495, in derivative
    raise ValueError(f"Некорректное выражение: {expression}")
ValueError: Некорректное выражение: от sin(x)
2025-11-02 23:59:45 | ERROR    | wolfram_pyqt | Ошибка в solve_equation: Sympify of expression 'could not parse 'производна sin(x)'' failed, because of exception being raised:
SyntaxError: invalid syntax (<string>, line 1)
ValueError: Error from parse_expr with transformed code: "Symbol ('производна' )sin (Symbol ('x' ))"

The above exception was the direct cause of the following exception:

Traceback (most recent call last):
  File "F:\Pycharm\wolframalpha\.venv1\Lib\site-packages\sympy\core\sympify.py", line 507, in sympify
    expr = parse_expr(a, local_dict=locals, transformations=transformations, evaluate=evaluate)
  File "F:\Pycharm\wolframalpha\.venv1\Lib\site-packages\sympy\parsing\sympy_parser.py", line 1090, in parse_expr
    raise e from ValueError(f"Error from parse_expr with transformed code: {code!r}")
  File "F:\Pycharm\wolframalpha\.venv1\Lib\site-packages\sympy\parsing\sympy_parser.py", line 1081, in parse_expr
    rv = eval_expr(code, local_dict, global_dict)
  File "F:\Pycharm\wolframalpha\.venv1\Lib\site-packages\sympy\parsing\sympy_parser.py", line 905, in eval_expr
    expr = eval(
        code, global_dict, local_dict)  # take local objects in preference
  File "<string>", line 1
    Symbol ('производна' )sin (Symbol ('x' ))
                          ^^^
SyntaxError: invalid syntax. Did you mean 'in'?

During handling of the above exception, another exception occurred:

Traceback (most recent call last):
  File "F:\Pycharm\wolframalpha\logs\logger.py", line 59, in wrapper
    result = func(*args, **kwargs)
  File "F:\Pycharm\wolframalpha\core\sympy_solver.py", line 326, in solve_equation
    lhs = sympify(left_side, locals=local_dict)
  File "F:\Pycharm\wolframalpha\.venv1\Lib\site-packages\sympy\core\sympify.py", line 509, in sympify
    raise SympifyError('could not parse %r' % a, exc)
sympy.core.sympify.SympifyError: Sympify of expression 'could not parse 'производна sin(x)'' failed, because of exception being raised:
SyntaxError: invalid syntax (<string>, line 1)
2025-11-03 00:31:40 | ERROR    | wolfram_pyqt | Ошибка в solve_equation: Sympify of expression 'could not parse 'ть sin(x) '' failed, because of exception being raised:
SyntaxError: invalid syntax (<string>, line 1)
ValueError: Error from parse_expr with transformed code: "Symbol ('ть' )sin (Symbol ('x' ))"

The above exception was the direct cause of the following exception:

Traceback (most recent call last):
  File "F:\Pycharm\wolframalpha\.venv1\Lib\site-packages\sympy\core\sympify.py", line 507, in sympify
    expr = parse_expr(a, local_dict=locals, transformations=transformations, evaluate=evaluate)
  File "F:\Pycharm\wolframalpha\.venv1\Lib\site-packages\sympy\parsing\sympy_parser.py", line 1090, in parse_expr
    raise e from ValueError(f"Error from parse_expr with transformed code: {code!r}")
  File "F:\Pycharm\wolframalpha\.venv1\Lib\site-packages\sympy\parsing\sympy_parser.py", line 1081, in parse_expr
    rv = eval_expr(code, local_dict, global_dict)
  File "F:\Pycharm\wolframalpha\.venv1\Lib\site-packages\sympy\parsing\sympy_parser.py", line 905, in eval_expr
    expr = eval(
        code, global_dict, local_dict)  # take local objects in preference
  File "<string>", line 1
    Symbol ('ть' )sin (Symbol ('x' ))
                  ^^^
SyntaxError: invalid syntax. Did you mean 'in'?

During handling of the above exception, another exception occurred:

Traceback (most recent call last):
  File "F:\Pycharm\wolframalpha\logs\logger.py", line 59, in wrapper
    result = func(*args, **kwargs)
  File "F:\Pycharm\wolframalpha\core\sympy_solver.py", line 326, in solve_equation
    lhs = sympify(left_side, locals=local_dict)
  File "F:\Pycharm\wolframalpha\.venv1\Lib\site-packages\sympy\core\sympify.py", line 509, in sympify
    raise SympifyError('could not parse %r' % a, exc)
sympy.core.sympify.SympifyError: Sympify of expression 'could not parse 'ть sin(x) '' failed, because of exception being raised:
SyntaxError: invalid syntax (<string>, line 1)
2025-11-03 00:33:19 | ERROR    | wolfram_pyqt | Ошибка в solve_equation: Sympify of expression 'could not parse 'ть sin(x) '' failed, because of exception being raised:
SyntaxError: invalid syntax (<string>, line 1)
ValueError: Error from parse_expr with transformed code: "Symbol ('ть' )sin (Symbol ('x' ))"

The above exception was the direct cause of the following exception:

Traceback (most recent call last):
  File "F:\Pycharm\wolframalpha\.venv1\Lib\site-packages\sympy\core\sympify.py", line 507, in sympify
    expr = parse_expr(a, local_dict=locals, transformations=transformations, evaluate=evaluate)
  File "F:\Pycharm\wolframalpha\.venv1\Lib\site-packages\sympy\parsing\sympy_parser.py", line 1090, in parse_expr
    raise e from ValueError(f"Error from parse_expr with transformed code: {code!r}")
  File "F:\Pycharm\wolframalpha\.venv1\Lib\site-packages\sympy\parsing\sympy_parser.py", line 1081, in parse_expr
    rv = eval_expr(code, local_dict, global_dict)
  File "F:\Pycharm\wolframalpha\.venv1\Lib\site-packages\sympy\parsing\sympy_parser.py", line 905, in eval_expr
    expr = eval(
        code, global_dict, local_dict)  # take local objects in preference
  File "<string>", line 1
    Symbol ('ть' )sin (Symbol ('x' ))
                  ^^^
SyntaxError: invalid syntax. Did you mean 'in'?

During handling of the above exception, another exception occurred:

Traceback (most recent call last):
  File "F:\Pycharm\wolframalpha\logs\logger.py", line 59, in wrapper
    result = func(*args, **kwargs)
  File "F:\Pycharm\wolframalpha\core\sympy_solver.py", line 326, in solve_equation
    lhs = sympify(left_side, locals=local_dict)
  File "F:\Pycharm\wolframalpha\.venv1\Lib\site-packages\sympy\core\sympify.py", line 509, in sympify
    raise SympifyError('could not parse %r' % a, exc)
sympy.core.sympify.SympifyError: Sympify of expression 'could not parse 'ть sin(x) '' failed, because of exception being raised:
SyntaxError: invalid syntax (<string>, line 1)
2025-11-03 00:40:07 | ERROR    | wolfram_pyqt | Ошибка в solve_equation: Sympify of expression 'could not parse '((cos(x))**2 - 1/2 * (sin(x)**2))/((sqrt(cos(x)) * t*g(x/8 - pi/32))'' failed, because of exception being raised:
TokenError: ('unexpected EOF in multi-line statement', (1, 0))
Traceback (most recent call last):
  File "F:\Pycharm\wolframalpha\.venv1\Lib\site-packages\sympy\core\sympify.py", line 507, in sympify
    expr = parse_expr(a, local_dict=locals, transformations=transformations, evaluate=evaluate)
  File "F:\Pycharm\wolframalpha\.venv1\Lib\site-packages\sympy\parsing\sympy_parser.py", line 1075, in parse_expr
    code = stringify_expr(s, local_dict, global_dict, _transformations)
  File "F:\Pycharm\wolframalpha\.venv1\Lib\site-packages\sympy\parsing\sympy_parser.py", line 890, in stringify_expr
    for toknum, tokval, _, _, _ in generate_tokens(input_code.readline):
                                   ~~~~~~~~~~~~~~~^^^^^^^^^^^^^^^^^^^^^
  File "F:\Python versions\Lib\tokenize.py", line 588, in _generate_tokens_from_c_tokenizer
    raise TokenError(msg, (e.lineno, e.offset)) from None
tokenize.TokenError: ('unexpected EOF in multi-line statement', (1, 0))

During handling of the above exception, another exception occurred:

Traceback (most recent call last):
  File "F:\Pycharm\wolframalpha\logs\logger.py", line 59, in wrapper
    result = func(*args, **kwargs)
  File "F:\Pycharm\wolframalpha\core\sympy_solver.py", line 326, in solve_equation
    lhs = sympify(left_side, locals=local_dict)
  File "F:\Pycharm\wolframalpha\.venv1\Lib\site-packages\sympy\core\sympify.py", line 509, in sympify
    raise SympifyError('could not parse %r' % a, exc)
sympy.core.sympify.SympifyError: Sympify of expression 'could not parse '((cos(x))**2 - 1/2 * (sin(x)**2))/((sqrt(cos(x)) * t*g(x/8 - pi/32))'' failed, because of exception being raised:
TokenError: ('unexpected EOF in multi-line statement', (1, 0))
2025-11-03 00:41:16 | ERROR    | wolfram_pyqt | Ошибка в solve_equation: Sympify of expression 'could not parse '((cos(x))**2 - 1/2 * (sin(x)**2))/((sqrt(cos(x)) * tg(x/8 - pi/32))'' failed, because of exception being raised:
TokenError: ('unexpected EOF in multi-line statement', (1, 0))
Traceback (most recent call last):
  File "F:\Pycharm\wolframalpha\.venv1\Lib\site-packages\sympy\core\sympify.py", line 507, in sympify
    expr = parse_expr(a, local_dict=locals, transformations=transformations, evaluate=evaluate)
  File "F:\Pycharm\wolframalpha\.venv1\Lib\site-packages\sympy\parsing\sympy_parser.py", line 1075, in parse_expr
    code = stringify_expr(s, local_dict, global_dict, _transformations)
  File "F:\Pycharm\wolframalpha\.venv1\Lib\site-packages\sympy\parsing\sympy_parser.py", line 890, in stringify_expr
    for toknum, tokval, _, _, _ in generate_tokens(input_code.readline):
                                   ~~~~~~~~~~~~~~~^^^^^^^^^^^^^^^^^^^^^
  File "F:\Python versions\Lib\tokenize.py", line 588, in _generate_tokens_from_c_tokenizer
    raise TokenError(msg, (e.lineno, e.offset)) from None
tokenize.TokenError: ('unexpected EOF in multi-line statement', (1, 0))

During handling of the above exception, another exception occurred:

Traceback (most recent call last):
  File "F:\Pycharm\wolframalpha\logs\logger.py", line 59, in wrapper
    result = func(*args, **kwargs)
  File "F:\Pycharm\wolframalpha\core\sympy_solver.py", line 326, in solve_equation
    lhs = sympify(left_side, locals=local_dict)
  File "F:\Pycharm\wolframalpha\.venv1\Lib\site-packages\sympy\core\sympify.py", line 509, in sympify
    raise SympifyError('could not parse %r' % a, exc)
sympy.core.sympify.SympifyError: Sympify of expression 'could not parse '((cos(x))**2 - 1/2 * (sin(x)**2))/((sqrt(cos(x)) * tg(x/8 - pi/32))'' failed, because of exception being raised:
TokenError: ('unexpected EOF in multi-line statement', (1, 0))
2025-11-03 00:57:46 | ERROR    | wolfram_pyqt | Ошибка в on_enter_pressed: No module named 'matplotlib'
Traceback (most recent call last):
  File "F:\Pycharm\wolframalpha\handlers\event_handler.py", line 34, in on_enter_pressed
    output_widget.display_result(result)
    ~~~~~~~~~~~~~~~~~~~~~~~~~~~~^^^^^^^^
  File "F:\Pycharm\wolframalpha\ui\interface.py", line 33, in display_result
    from utils.math_renderer import create_math_image
  File "F:\Pycharm\wolframalpha\utils\math_renderer.py", line 2, in <module>
    import matplotlib
ModuleNotFoundError: No module named 'matplotlib'

During handling of the above exception, another exception occurred:

Traceback (most recent call last):
  File "F:\Pycharm\wolframalpha\logs\logger.py", line 59, in wrapper
    result = func(*args, **kwargs)
  File "F:\Pycharm\wolframalpha\handlers\event_handler.py", line 47, in on_enter_pressed
    output_widget.display_result(error_msg)
    ~~~~~~~~~~~~~~~~~~~~~~~~~~~~^^^^^^^^^^^
  File "F:\Pycharm\wolframalpha\ui\interface.py", line 33, in display_result
    from utils.math_renderer import create_math_image
  File "F:\Pycharm\wolframalpha\utils\math_renderer.py", line 2, in <module>
    import matplotlib
ModuleNotFoundError: No module named 'matplotlib'
2025-11-03 13:05:54 | ERROR    | wolfram_pyqt | Ошибка в solve_equation: module 'numpy' has no attribute 'linsympyace'
Traceback (most recent call last):
  File "F:\Pycharm\wolframalpha\logs\logger.py", line 59, in wrapper
    result = func(*args, **kwargs)
  File "F:\Pycharm\wolframalpha\core\sympy_solver.py", line 391, in solve_equation
    numeric_solutions = _solve_numerically_basic(expr, var, num_points=21, precision=precision)
  File "F:\Pycharm\wolframalpha\core\sympy_solver.py", line 242, in _solve_numerically_basic
    guesses = list(np.linsympyace(-10, 10, num_points))
                   ^^^^^^^^^^^^^^
  File "F:\Pycharm\wolframalpha\.venv1\Lib\site-packages\numpy\__init__.py", line 808, in __getattr__
    raise AttributeError(f"module {__name__!r} has no attribute {attr!r}")
AttributeError: module 'numpy' has no attribute 'linsympyace'. Did you mean: 'linspace'?
2025-11-03 13:07:12 | ERROR    | wolfram_pyqt | Ошибка в solve_equation: module 'numpy' has no attribute 'linsympyace'
Traceback (most recent call last):
  File "F:\Pycharm\wolframalpha\logs\logger.py", line 59, in wrapper
    result = func(*args, **kwargs)
  File "F:\Pycharm\wolframalpha\core\sympy_solver.py", line 391, in solve_equation
    numeric_solutions = _solve_numerically_basic(expr, var, num_points=21, precision=precision)
  File "F:\Pycharm\wolframalpha\core\sympy_solver.py", line 242, in _solve_numerically_basic
    guesses = list(np.linsympyace(-10, 10, num_points))
                   ^^^^^^^^^^^^^^
  File "F:\Pycharm\wolframalpha\.venv1\Lib\site-packages\numpy\__init__.py", line 808, in __getattr__
    raise AttributeError(f"module {__name__!r} has no attribute {attr!r}")
AttributeError: module 'numpy' has no attribute 'linsympyace'. Did you mean: 'linspace'?
2025-11-04 11:54:02 | ERROR    | wolfram_pyqt | Ошибка в get_text: Illegal trailing comma before end of array: line 199 column 32 (char 3298)
Traceback (most recent call last):
  File "F:\Pycharm\wolframalpha\logs\logger.py", line 59, in wrapper
    result = func(*args, **kwargs)
  File "F:\Pycharm\wolframalpha\core\parser.py", line 978, in get_text
    router = CommandRouter()
  File "F:\Pycharm\wolframalpha\core\parser.py", line 626, in __init__
    self.command_translate = json.load(f)
                             ~~~~~~~~~^^^
  File "F:\Python versions\Lib\json\__init__.py", line 293, in load
    return loads(fp.read(),
        cls=cls, object_hook=object_hook,
        parse_float=parse_float, parse_int=parse_int,
        parse_constant=parse_constant, object_pairs_hook=object_pairs_hook, **kw)
  File "F:\Python versions\Lib\json\__init__.py", line 346, in loads
    return _default_decoder.decode(s)
           ~~~~~~~~~~~~~~~~~~~~~~~^^^
  File "F:\Python versions\Lib\json\decoder.py", line 345, in decode
    obj, end = self.raw_decode(s, idx=_w(s, 0).end())
               ~~~~~~~~~~~~~~~^^^^^^^^^^^^^^^^^^^^^^^
  File "F:\Python versions\Lib\json\decoder.py", line 361, in raw_decode
    obj, end = self.scan_once(s, idx)
               ~~~~~~~~~~~~~~^^^^^^^^
json.decoder.JSONDecodeError: Illegal trailing comma before end of array: line 199 column 32 (char 3298)
2025-11-04 11:54:33 | ERROR    | wolfram_pyqt | Ошибка в get_text: Illegal trailing comma before end of array: line 199 column 32 (char 3298)
Traceback (most recent call last):
  File "F:\Pycharm\wolframalpha\logs\logger.py", line 59, in wrapper
    result = func(*args, **kwargs)
  File "F:\Pycharm\wolframalpha\core\parser.py", line 978, in get_text
    router = CommandRouter()
  File "F:\Pycharm\wolframalpha\core\parser.py", line 626, in __init__
    self.command_translate = json.load(f)
                             ~~~~~~~~~^^^
  File "F:\Python versions\Lib\json\__init__.py", line 293, in load
    return loads(fp.read(),
        cls=cls, object_hook=object_hook,
        parse_float=parse_float, parse_int=parse_int,
        parse_constant=parse_constant, object_pairs_hook=object_pairs_hook, **kw)
  File "F:\Python versions\Lib\json\__init__.py", line 346, in loads
    return _default_decoder.decode(s)
           ~~~~~~~~~~~~~~~~~~~~~~~^^^
  File "F:\Python versions\Lib\json\decoder.py", line 345, in decode
    obj, end = self.raw_decode(s, idx=_w(s, 0).end())
               ~~~~~~~~~~~~~~~^^^^^^^^^^^^^^^^^^^^^^^
  File "F:\Python versions\Lib\json\decoder.py", line 361, in raw_decode
    obj, end = self.scan_once(s, idx)
               ~~~~~~~~~~~~~~^^^^^^^^
json.decoder.JSONDecodeError: Illegal trailing comma before end of array: line 199 column 32 (char 3298)
